// Jest Snapshot v1, https://goo.gl/fbAQLP

exports[`Testing Footer 1`] = `
<footer
  className="footer"
>
  Footer
</footer>
`;
